Device: cuda
RETFound load: loaded=294 missing=0 unexpected=0 encoder_keys=294 path=C:\Users\gaura\OneDrive\Desktop\BRSETvsmBRSET\weights\RETFound_cfp_weights.pth
python.exe : 
At C:\Users\gaura\OneDrive\Desktop\BRSETvsmBRSET\scripts\run_queue2.ps1:9 char:1
+ & $py scripts\run_experiment.py --config configs\brset_mbrset_retfoun ...
+ ~~~~~~~~~~~~~~~~~~~~~~~~~~~~~~~~~~~~~~~~~~~~~~~~~~~~~~~~~~~~~~~~~~~~~
    + CategoryInfo          : NotSpecified: (:String) [], RemoteException
    + FullyQualifiedErrorId : NativeCommandError
 
eval:   0%|          | 0/245 [00:00<?, ?it/s]
eval:   0%|          | 1/245 [00:13<55:22, 13.62s/it]
eval:   1%|1         | 3/245 [00:13<14:31,  3.60s/it]
eval:   2%|2         | 5/245 [00:13<07:11,  1.80s/it]
eval:   3%|2         | 7/245 [00:14<04:16,  1.08s/it]
eval:   4%|3         | 9/245 [00:14<02:46,  1.41it/s]
eval:   4%|4         | 11/245 [00:14<01:55,  2.03it/s]
eval:   5%|5         | 13/245 [00:14<01:23,  2.77it/s]
eval:   6%|6         | 15/245 [00:14<01:03,  3.63it/s]
eval:   7%|6         | 17/245 [00:15<00:49,  4.56it/s]
eval:   8%|7         | 19/245 [00:15<00:40,  5.54it/s]
eval:   9%|8         | 21/245 [00:15<00:34,  6.46it/s]
eval:   9%|9         | 23/245 [00:15<00:30,  7.25it/s]
eval:  10%|#         | 25/245 [00:15<00:27,  7.91it/s]
eval:  11%|#1        | 27/245 [00:16<00:25,  8.53it/s]
eval:  12%|#1        | 29/245 [00:16<00:23,  9.05it/s]
eval:  13%|#2        | 31/245 [00:16<00:22,  9.39it/s]
eval:  13%|#3        | 33/245 [00:16<00:21,  9.68it/s]
eval:  14%|#4        | 35/245 [00:16<00:21,  9.86it/s]
eval:  15%|#5        | 37/245 [00:17<00:20, 10.05it/s]
eval:  16%|#5        | 39/245 [00:17<00:20, 10.18it/s]
eval:  17%|#6        | 41/245 [00:17<00:19, 10.27it/s]
eval:  18%|#7        | 43/245 [00:17<00:19, 10.29it/s]
eval:  18%|#8        | 45/245 [00:17<00:19, 10.31it/s]
eval:  19%|#9        | 47/245 [00:18<00:19, 10.30it/s]
eval:  20%|##        | 49/245 [00:18<00:18, 10.34it/s]
eval:  21%|##        | 51/245 [00:18<00:18, 10.37it/s]
eval:  22%|##1       | 53/245 [00:18<00:18, 10.30it/s]
eval:  22%|##2       | 55/245 [00:18<00:18, 10.35it/s]
eval:  23%|##3       | 57/245 [00:19<00:18, 10.33it/s]
eval:  24%|##4       | 59/245 [00:19<00:17, 10.39it/s]
eval:  25%|##4       | 61/245 [00:19<00:17, 10.39it/s]
eval:  26%|##5       | 63/245 [00:19<00:17, 10.40it/s]
eval:  27%|##6       | 65/245 [00:19<00:17, 10.39it/s]
eval:  27%|##7       | 67/245 [00:19<00:17, 10.32it/s]
eval:  28%|##8       | 69/245 [00:20<00:16, 10.37it/s]
eval:  29%|##8       | 71/245 [00:20<00:16, 10.32it/s]
eval:  30%|##9       | 73/245 [00:20<00:16, 10.37it/s]
eval:  31%|###       | 75/245 [00:20<00:16, 10.37it/s]
eval:  31%|###1      | 77/245 [00:20<00:16, 10.36it/s]
eval:  32%|###2      | 79/245 [00:21<00:15, 10.43it/s]
eval:  33%|###3      | 81/245 [00:21<00:15, 10.41it/s]
eval:  34%|###3      | 83/245 [00:21<00:15, 10.45it/s]
eval:  35%|###4      | 85/245 [00:21<00:15, 10.47it/s]
eval:  36%|###5      | 87/245 [00:21<00:15, 10.44it/s]
eval:  36%|###6      | 89/245 [00:22<00:14, 10.45it/s]
eval:  37%|###7      | 91/245 [00:22<00:14, 10.47it/s]
eval:  38%|###7      | 93/245 [00:22<00:14, 10.46it/s]
eval:  39%|###8      | 95/245 [00:22<00:14, 10.44it/s]
eval:  40%|###9      | 97/245 [00:22<00:14, 10.41it/s]
eval:  40%|####      | 99/245 [00:23<00:14, 10.42it/s]
eval:  41%|####1     | 101/245 [00:23<00:13, 10.38it/s]
eval:  42%|####2     | 103/245 [00:23<00:13, 10.35it/s]
eval:  43%|####2     | 105/245 [00:23<00:13, 10.34it/s]
eval:  44%|####3     | 107/245 [00:23<00:13, 10.31it/s]
eval:  44%|####4     | 109/245 [00:24<00:13, 10.33it/s]
eval:  45%|####5     | 111/245 [00:24<00:12, 10.33it/s]
eval:  46%|####6     | 113/245 [00:24<00:12, 10.40it/s]
eval:  47%|####6     | 115/245 [00:24<00:12, 10.49it/s]
eval:  48%|####7     | 117/245 [00:24<00:12, 10.43it/s]
eval:  49%|####8     | 119/245 [00:24<00:12, 10.49it/s]
eval:  49%|####9     | 121/245 [00:25<00:11, 10.48it/s]
eval:  50%|#####     | 123/245 [00:25<00:11, 10.53it/s]
eval:  51%|#####1    | 125/245 [00:25<00:11, 10.53it/s]
eval:  52%|#####1    | 127/245 [00:25<00:11, 10.54it/s]
eval:  53%|#####2    | 129/245 [00:25<00:10, 10.57it/s]
eval:  53%|#####3    | 131/245 [00:26<00:10, 10.54it/s]
eval:  54%|#####4    | 133/245 [00:26<00:10, 10.62it/s]
eval:  55%|#####5    | 135/245 [00:26<00:10, 10.56it/s]
eval:  56%|#####5    | 137/245 [00:26<00:10, 10.59it/s]
eval:  57%|#####6    | 139/245 [00:26<00:10, 10.59it/s]
eval:  58%|#####7    | 141/245 [00:27<00:09, 10.60it/s]
eval:  58%|#####8    | 143/245 [00:27<00:09, 10.60it/s]
eval:  59%|#####9    | 145/245 [00:27<00:09, 10.60it/s]
eval:  60%|######    | 147/245 [00:27<00:09, 10.59it/s]
eval:  61%|######    | 149/245 [00:27<00:09, 10.62it/s]
eval:  62%|######1   | 151/245 [00:27<00:08, 10.59it/s]
eval:  62%|######2   | 153/245 [00:28<00:08, 10.59it/s]
eval:  63%|######3   | 155/245 [00:28<00:08, 10.62it/s]
eval:  64%|######4   | 157/245 [00:28<00:08, 10.59it/s]
eval:  65%|######4   | 159/245 [00:28<00:08, 10.59it/s]
eval:  66%|######5   | 161/245 [00:28<00:07, 10.56it/s]
eval:  67%|######6   | 163/245 [00:29<00:07, 10.60it/s]
eval:  67%|######7   | 165/245 [00:29<00:07, 10.60it/s]
eval:  68%|######8   | 167/245 [00:29<00:07, 10.61it/s]
eval:  69%|######8   | 169/245 [00:29<00:07, 10.62it/s]
eval:  70%|######9   | 171/245 [00:29<00:06, 10.59it/s]
eval:  71%|#######   | 173/245 [00:30<00:06, 10.61it/s]
eval:  71%|#######1  | 175/245 [00:30<00:06, 10.62it/s]
eval:  72%|#######2  | 177/245 [00:30<00:06, 10.60it/s]
eval:  73%|#######3  | 179/245 [00:30<00:06, 10.60it/s]
eval:  74%|#######3  | 181/245 [00:30<00:06, 10.58it/s]
eval:  75%|#######4  | 183/245 [00:31<00:05, 10.59it/s]
eval:  76%|#######5  | 185/245 [00:31<00:05, 10.61it/s]
eval:  76%|#######6  | 187/245 [00:31<00:05, 10.60it/s]
eval:  77%|#######7  | 189/245 [00:31<00:05, 10.63it/s]
eval:  78%|#######7  | 191/245 [00:31<00:05, 10.62it/s]
eval:  79%|#######8  | 193/245 [00:31<00:04, 10.59it/s]
eval:  80%|#######9  | 195/245 [00:32<00:04, 10.60it/s]
eval:  80%|########  | 197/245 [00:32<00:04, 10.60it/s]
eval:  81%|########1 | 199/245 [00:32<00:04, 10.61it/s]
eval:  82%|########2 | 201/245 [00:32<00:04, 10.60it/s]
eval:  83%|########2 | 203/245 [00:32<00:03, 10.61it/s]
eval:  84%|########3 | 205/245 [00:33<00:03, 10.61it/s]
eval:  84%|########4 | 207/245 [00:33<00:03, 10.61it/s]
eval:  85%|########5 | 209/245 [00:33<00:03, 10.62it/s]
eval:  86%|########6 | 211/245 [00:33<00:03, 10.58it/s]
eval:  87%|########6 | 213/245 [00:33<00:03, 10.58it/s]
eval:  88%|########7 | 215/245 [00:34<00:02, 10.58it/s]
eval:  89%|########8 | 217/245 [00:34<00:02, 10.59it/s]
eval:  89%|########9 | 219/245 [00:34<00:02, 10.59it/s]
eval:  90%|######### | 221/245 [00:34<00:02, 10.63it/s]
eval:  91%|#########1| 223/245 [00:34<00:02, 10.59it/s]
eval:  92%|#########1| 225/245 [00:34<00:01, 10.62it/s]
eval:  93%|#########2| 227/245 [00:35<00:01, 10.59it/s]
eval:  93%|#########3| 229/245 [00:35<00:01, 10.58it/s]
eval:  94%|#########4| 231/245 [00:35<00:01, 10.57it/s]
eval:  95%|#########5| 233/245 [00:35<00:01, 10.55it/s]
eval:  96%|#########5| 235/245 [00:35<00:00, 10.59it/s]
eval:  97%|#########6| 237/245 [00:36<00:00, 10.58it/s]
eval:  98%|#########7| 239/245 [00:36<00:00, 10.60it/s]
eval:  98%|#########8| 241/245 [00:36<00:00, 10.61it/s]
eval:  99%|#########9| 243/245 [00:36<00:00, 10.56it/s]
eval: 100%|##########| 245/245 [00:36<00:00, 10.90it/s]
Test metrics (brset_mbrset_retfound_exp1_rescored): {'n': 3916, 'accuracy': 0.9369254341164454, 'auroc': 0.9230279506959349, 'sensitivity': 0.7905138339920948, 'specificity': 0.9470379470379471}
Results saved to results\brset_mbrset_retfound_exp1_rescored
                                                       
