Device: cuda
RETFound load: loaded=294 missing=0 unexpected=0 encoder_keys=294 path=C:\Users\gaura\OneDrive\Desktop\BRSETvsmBRSET\weights\RETFound_cfp_weights.pth
Train settings: amp=True batch_size=16 grad_accum_steps=1 effective_batch=16
python.exe : 
At C:\Users\gaura\OneDrive\Desktop\BRSETvsmBRSET\scripts\run_queue.ps1:9 char:1
+ & $py scripts\run_experiment.py --config configs\brset_mbrset_retfoun ...
+ ~~~~~~~~~~~~~~~~~~~~~~~~~~~~~~~~~~~~~~~~~~~~~~~~~~~~~~~~~~~~~~~~~~~~~
    + CategoryInfo          : NotSpecified: (:String) [], RemoteException
    + FullyQualifiedErrorId : NativeCommandError
 
train:   0%|          | 0/711 [00:00<?, ?it/s]
train:   0%|          | 1/711 [00:13<2:38:37, 13.41s/it]
train:   0%|          | 2/711 [00:14<1:10:19,  5.95s/it]
train:   0%|          | 3/711 [00:14<41:31,  3.52s/it]  
train:   1%|          | 4/711 [00:15<28:00,  2.38s/it]
train:   1%|          | 5/711 [00:16<20:32,  1.75s/it]
train:   1%|          | 6/711 [00:16<16:01,  1.36s/it]
train:   1%|          | 7/711 [00:17<13:09,  1.12s/it]
train:   1%|1         | 8/711 [00:17<11:17,  1.04it/s]
train:   1%|1         | 9/711 [00:18<10:02,  1.16it/s]
train:   1%|1         | 10/711 [00:19<09:11,  1.27it/s]
train:   2%|1         | 11/711 [00:19<08:35,  1.36it/s]
train:   2%|1         | 12/711 [00:20<08:11,  1.42it/s]
train:   2%|1         | 13/711 [00:21<07:54,  1.47it/s]
train:   2%|1         | 14/711 [00:21<07:42,  1.51it/s]
train:   2%|2         | 15/711 [00:22<07:33,  1.53it/s]
train:   2%|2         | 16/711 [00:22<07:27,  1.55it/s]
train:   2%|2         | 17/711 [00:23<07:22,  1.57it/s]
train:   3%|2         | 18/711 [00:24<07:19,  1.58it/s]
train:   3%|2         | 19/711 [00:24<07:17,  1.58it/s]
train:   3%|2         | 20/711 [00:25<07:14,  1.59it/s]
train:   3%|2         | 21/711 [00:26<07:13,  1.59it/s]
train:   3%|3         | 22/711 [00:26<07:12,  1.59it/s]
train:   3%|3         | 23/711 [00:27<07:11,  1.59it/s]
train:   3%|3         | 24/711 [00:27<07:11,  1.59it/s]
train:   4%|3         | 25/711 [00:28<07:10,  1.59it/s]
train:   4%|3         | 26/711 [00:29<07:09,  1.60it/s]
train:   4%|3         | 27/711 [00:29<07:07,  1.60it/s]
train:   4%|3         | 28/711 [00:30<07:06,  1.60it/s]
train:   4%|4         | 29/711 [00:31<07:06,  1.60it/s]
train:   4%|4         | 30/711 [00:31<07:05,  1.60it/s]
train:   4%|4         | 31/711 [00:32<07:05,  1.60it/s]
train:   5%|4         | 32/711 [00:32<07:05,  1.59it/s]
train:   5%|4         | 33/711 [00:33<07:04,  1.60it/s]
train:   5%|4         | 34/711 [00:34<07:03,  1.60it/s]
train:   5%|4         | 35/711 [00:34<07:02,  1.60it/s]
train:   5%|5         | 36/711 [00:35<07:02,  1.60it/s]
train:   5%|5         | 37/711 [00:36<07:02,  1.60it/s]
train:   5%|5         | 38/711 [00:36<07:01,  1.60it/s]
train:   5%|5         | 39/711 [00:37<07:01,  1.59it/s]
train:   6%|5         | 40/711 [00:37<07:00,  1.60it/s]
train:   6%|5         | 41/711 [00:38<06:59,  1.60it/s]
train:   6%|5         | 42/711 [00:39<06:58,  1.60it/s]
train:   6%|6         | 43/711 [00:39<06:58,  1.60it/s]
train:   6%|6         | 44/711 [00:40<06:58,  1.59it/s]
train:   6%|6         | 45/711 [00:41<06:57,  1.59it/s]
train:   6%|6         | 46/711 [00:41<06:56,  1.60it/s]
train:   7%|6         | 47/711 [00:42<06:56,  1.60it/s]
train:   7%|6         | 48/711 [00:42<06:56,  1.59it/s]
train:   7%|6         | 49/711 [00:43<06:55,  1.59it/s]
train:   7%|7         | 50/711 [00:44<06:53,  1.60it/s]
train:   7%|7         | 51/711 [00:44<06:52,  1.60it/s]
train:   7%|7         | 52/711 [00:45<06:52,  1.60it/s]
train:   7%|7         | 53/711 [00:46<06:51,  1.60it/s]
train:   8%|7         | 54/711 [00:46<06:51,  1.60it/s]
train:   8%|7         | 55/711 [00:47<06:50,  1.60it/s]
train:   8%|7         | 56/711 [00:47<06:49,  1.60it/s]
train:   8%|8         | 57/711 [00:48<06:48,  1.60it/s]
train:   8%|8         | 58/711 [00:49<06:48,  1.60it/s]
train:   8%|8         | 59/711 [00:49<06:49,  1.59it/s]
train:   8%|8         | 60/711 [00:50<06:48,  1.59it/s]
train:   9%|8         | 61/711 [00:51<06:47,  1.60it/s]
train:   9%|8         | 62/711 [00:51<06:46,  1.60it/s]
train:   9%|8         | 63/711 [00:52<06:46,  1.60it/s]
train:   9%|9         | 64/711 [00:52<06:45,  1.60it/s]
train:   9%|9         | 65/711 [00:53<06:44,  1.60it/s]
train:   9%|9         | 66/711 [00:54<06:44,  1.60it/s]
train:   9%|9         | 67/711 [00:54<06:43,  1.60it/s]
train:  10%|9         | 68/711 [00:55<06:42,  1.60it/s]
train:  10%|9         | 69/711 [00:56<06:42,  1.60it/s]
train:  10%|9         | 70/711 [00:56<06:42,  1.59it/s]
train:  10%|9         | 71/711 [00:57<06:40,  1.60it/s]
train:  10%|#         | 72/711 [00:57<06:39,  1.60it/s]
train:  10%|#         | 73/711 [00:58<06:39,  1.60it/s]
train:  10%|#         | 74/711 [00:59<06:38,  1.60it/s]
train:  11%|#         | 75/711 [00:59<06:37,  1.60it/s]
train:  11%|#         | 76/711 [01:00<06:37,  1.60it/s]
train:  11%|#         | 77/711 [01:01<06:36,  1.60it/s]
train:  11%|#         | 78/711 [01:01<06:36,  1.60it/s]
train:  11%|#1        | 79/711 [01:02<06:35,  1.60it/s]
train:  11%|#1        | 80/711 [01:02<06:34,  1.60it/s]
train:  11%|#1        | 81/711 [01:03<06:34,  1.60it/s]
train:  12%|#1        | 82/711 [01:04<06:33,  1.60it/s]
train:  12%|#1        | 83/711 [01:04<06:33,  1.60it/s]
train:  12%|#1        | 84/711 [01:05<06:32,  1.60it/s]
train:  12%|#1        | 85/711 [01:06<06:31,  1.60it/s]
train:  12%|#2        | 86/711 [01:06<06:30,  1.60it/s]
train:  12%|#2        | 87/711 [01:07<06:31,  1.60it/s]
train:  12%|#2        | 88/711 [01:07<06:29,  1.60it/s]
train:  13%|#2        | 89/711 [01:08<06:29,  1.60it/s]
train:  13%|#2        | 90/711 [01:09<06:28,  1.60it/s]
train:  13%|#2        | 91/711 [01:09<06:28,  1.60it/s]
train:  13%|#2        | 92/711 [01:10<06:27,  1.60it/s]
train:  13%|#3        | 93/711 [01:11<06:27,  1.60it/s]
train:  13%|#3        | 94/711 [01:11<06:26,  1.60it/s]
train:  13%|#3        | 95/711 [01:12<06:25,  1.60it/s]
train:  14%|#3        | 96/711 [01:12<06:25,  1.59it/s]
train:  14%|#3        | 97/711 [01:13<06:25,  1.59it/s]
train:  14%|#3        | 98/711 [01:14<06:26,  1.59it/s]
train:  14%|#3        | 99/711 [01:14<06:25,  1.59it/s]
train:  14%|#4        | 100/711 [01:15<06:25,  1.59it/s]
train:  14%|#4        | 101/711 [01:16<06:23,  1.59it/s]
train:  14%|#4        | 102/711 [01:16<06:23,  1.59it/s]
train:  14%|#4        | 103/711 [01:17<06:23,  1.59it/s]
train:  15%|#4        | 104/711 [01:18<06:21,  1.59it/s]
train:  15%|#4        | 105/711 [01:18<06:19,  1.59it/s]
train:  15%|#4        | 106/711 [01:19<06:18,  1.60it/s]
train:  15%|#5        | 107/711 [01:19<06:18,  1.60it/s]
train:  15%|#5        | 108/711 [01:20<06:17,  1.60it/s]
train:  15%|#5        | 109/711 [01:21<06:16,  1.60it/s]
train:  15%|#5        | 110/711 [01:21<06:15,  1.60it/s]
train:  16%|#5        | 111/711 [01:22<06:15,  1.60it/s]
train:  16%|#5        | 112/711 [01:23<06:14,  1.60it/s]
train:  16%|#5        | 113/711 [01:23<06:13,  1.60it/s]
train:  16%|#6        | 114/711 [01:24<06:13,  1.60it/s]
train:  16%|#6        | 115/711 [01:24<06:12,  1.60it/s]
train:  16%|#6        | 116/711 [01:25<06:11,  1.60it/s]
train:  16%|#6        | 117/711 [01:26<06:10,  1.60it/s]
train:  17%|#6        | 118/711 [01:26<06:10,  1.60it/s]
train:  17%|#6        | 119/711 [01:27<06:10,  1.60it/s]
train:  17%|#6        | 120/711 [01:28<06:10,  1.60it/s]
train:  17%|#7        | 121/711 [01:28<06:09,  1.60it/s]
train:  17%|#7        | 122/711 [01:29<06:08,  1.60it/s]
train:  17%|#7        | 123/711 [01:29<06:07,  1.60it/s]
train:  17%|#7        | 124/711 [01:30<06:06,  1.60it/s]
train:  18%|#7        | 125/711 [01:31<06:06,  1.60it/s]
train:  18%|#7        | 126/711 [01:31<06:05,  1.60it/s]
train:  18%|#7        | 127/711 [01:32<06:04,  1.60it/s]
train:  18%|#8        | 128/711 [01:33<06:03,  1.60it/s]
train:  18%|#8        | 129/711 [01:33<06:03,  1.60it/s]
train:  18%|#8        | 130/711 [01:34<06:03,  1.60it/s]
train:  18%|#8        | 131/711 [01:34<06:03,  1.59it/s]
train:  19%|#8        | 132/711 [01:35<06:03,  1.59it/s]
train:  19%|#8        | 133/711 [01:36<06:02,  1.60it/s]
train:  19%|#8        | 134/711 [01:36<06:01,  1.60it/s]
train:  19%|#8        | 135/711 [01:37<06:00,  1.60it/s]
train:  19%|#9        | 136/711 [01:38<06:00,  1.60it/s]
train:  19%|#9        | 137/711 [01:38<05:59,  1.60it/s]
train:  19%|#9        | 138/711 [01:39<05:58,  1.60it/s]
train:  20%|#9        | 139/711 [01:39<05:58,  1.60it/s]
train:  20%|#9        | 140/711 [01:40<05:57,  1.60it/s]
train:  20%|#9        | 141/711 [01:41<05:57,  1.60it/s]
train:  20%|#9        | 142/711 [01:41<05:57,  1.59it/s]
train:  20%|##        | 143/711 [01:42<05:56,  1.60it/s]
train:  20%|##        | 144/711 [01:43<05:55,  1.60it/s]
train:  20%|##        | 145/711 [01:43<05:54,  1.60it/s]
train:  21%|##        | 146/711 [01:44<05:54,  1.59it/s]
train:  21%|##        | 147/711 [01:44<05:53,  1.60it/s]
train:  21%|##        | 148/711 [01:45<05:52,  1.60it/s]
train:  21%|##        | 149/711 [01:46<05:51,  1.60it/s]
train:  21%|##1       | 150/711 [01:46<05:50,  1.60it/s]
train:  21%|##1       | 151/711 [01:47<05:49,  1.60it/s]
train:  21%|##1       | 152/711 [01:48<05:49,  1.60it/s]
train:  22%|##1       | 153/711 [01:48<05:49,  1.60it/s]
train:  22%|##1       | 154/711 [01:49<05:48,  1.60it/s]
train:  22%|##1       | 155/711 [01:49<05:48,  1.60it/s]
train:  22%|##1       | 156/711 [01:50<05:47,  1.60it/s]
train:  22%|##2       | 157/711 [01:51<05:46,  1.60it/s]
train:  22%|##2       | 158/711 [01:51<05:46,  1.60it/s]
train:  22%|##2       | 159/711 [01:52<05:45,  1.60it/s]
train:  23%|##2       | 160/711 [01:53<05:45,  1.60it/s]
train:  23%|##2       | 161/711 [01:53<05:43,  1.60it/s]
train:  23%|##2       | 162/711 [01:54<05:43,  1.60it/s]
train:  23%|##2       | 163/711 [01:54<05:43,  1.60it/s]
train:  23%|##3       | 164/711 [01:55<05:42,  1.60it/s]
train:  23%|##3       | 165/711 [01:56<05:41,  1.60it/s]
train:  23%|##3       | 166/711 [01:56<05:40,  1.60it/s]
train:  23%|##3       | 167/711 [01:57<05:40,  1.60it/s]
train:  24%|##3       | 168/711 [01:58<05:39,  1.60it/s]
train:  24%|##3       | 169/711 [01:58<05:40,  1.59it/s]
train:  24%|##3       | 170/711 [01:59<05:39,  1.59it/s]
train:  24%|##4       | 171/711 [01:59<05:38,  1.60it/s]
train:  24%|##4       | 172/711 [02:00<05:37,  1.60it/s]
train:  24%|##4       | 173/711 [02:01<05:36,  1.60it/s]
train:  24%|##4       | 174/711 [02:01<05:37,  1.59it/s]
train:  25%|##4       | 175/711 [02:02<05:36,  1.60it/s]
train:  25%|##4       | 176/711 [02:03<05:36,  1.59it/s]
train:  25%|##4       | 177/711 [02:03<05:35,  1.59it/s]
train:  25%|##5       | 178/711 [02:04<05:34,  1.59it/s]
train:  25%|##5       | 179/711 [02:04<05:33,  1.59it/s]
train:  25%|##5       | 180/711 [02:05<05:33,  1.59it/s]
train:  25%|##5       | 181/711 [02:06<05:32,  1.59it/s]
train:  26%|##5       | 182/711 [02:06<05:30,  1.60it/s]
train:  26%|##5       | 183/711 [02:07<05:30,  1.60it/s]
train:  26%|##5       | 184/711 [02:08<05:29,  1.60it/s]
train:  26%|##6       | 185/711 [02:08<05:28,  1.60it/s]
train:  26%|##6       | 186/711 [02:09<05:28,  1.60it/s]
train:  26%|##6       | 187/711 [02:09<05:27,  1.60it/s]
train:  26%|##6       | 188/711 [02:10<05:27,  1.60it/s]
train:  27%|##6       | 189/711 [02:11<05:26,  1.60it/s]
train:  27%|##6       | 190/711 [02:11<05:25,  1.60it/s]
train:  27%|##6       | 191/711 [02:12<05:26,  1.59it/s]
train:  27%|##7       | 192/711 [02:13<05:25,  1.59it/s]
train:  27%|##7       | 193/711 [02:13<05:24,  1.59it/s]
train:  27%|##7       | 194/711 [02:14<05:24,  1.59it/s]
train:  27%|##7       | 195/711 [02:14<05:23,  1.59it/s]
train:  28%|##7       | 196/711 [02:15<05:22,  1.60it/s]
train:  28%|##7       | 197/711 [02:16<05:22,  1.59it/s]
train:  28%|##7       | 198/711 [02:16<05:22,  1.59it/s]
train:  28%|##7       | 199/711 [02:17<05:21,  1.59it/s]
train:  28%|##8       | 200/711 [02:18<05:20,  1.60it/s]
train:  28%|##8       | 201/711 [02:18<05:19,  1.60it/s]
train:  28%|##8       | 202/711 [02:19<05:18,  1.60it/s]
train:  29%|##8       | 203/711 [02:19<05:18,  1.60it/s]
train:  29%|##8       | 204/711 [02:20<05:16,  1.60it/s]
train:  29%|##8       | 205/711 [02:21<05:16,  1.60it/s]
train:  29%|##8       | 206/711 [02:21<05:15,  1.60it/s]
train:  29%|##9       | 207/711 [02:22<05:15,  1.60it/s]
train:  29%|##9       | 208/711 [02:23<05:14,  1.60it/s]
train:  29%|##9       | 209/711 [02:23<05:14,  1.60it/s]
train:  30%|##9       | 210/711 [02:24<05:13,  1.60it/s]
train:  30%|##9       | 211/711 [02:24<05:12,  1.60it/s]
train:  30%|##9       | 212/711 [02:25<05:11,  1.60it/s]
train:  30%|##9       | 213/711 [02:26<05:12,  1.59it/s]
train:  30%|###       | 214/711 [02:26<05:11,  1.59it/s]
train:  30%|###       | 215/711 [02:27<05:10,  1.60it/s]
train:  30%|###       | 216/711 [02:28<05:10,  1.60it/s]
train:  31%|###       | 217/711 [02:28<05:09,  1.60it/s]
train:  31%|###       | 218/711 [02:29<05:08,  1.60it/s]
train:  31%|###       | 219/711 [02:30<05:07,  1.60it/s]
train:  31%|###       | 220/711 [02:30<05:07,  1.60it/s]
train:  31%|###1      | 221/711 [02:31<05:07,  1.60it/s]
train:  31%|###1      | 222/711 [02:31<05:06,  1.60it/s]
train:  31%|###1      | 223/711 [02:32<05:05,  1.60it/s]
train:  32%|###1      | 224/711 [02:33<05:05,  1.59it/s]
train:  32%|###1      | 225/711 [02:33<05:04,  1.60it/s]
train:  32%|###1      | 226/711 [02:34<05:03,  1.60it/s]
train:  32%|###1      | 227/711 [02:35<05:03,  1.59it/s]
train:  32%|###2      | 228/711 [02:35<05:02,  1.60it/s]
train:  32%|###2      | 229/711 [02:36<05:01,  1.60it/s]
train:  32%|###2      | 230/711 [02:36<05:01,  1.59it/s]
train:  32%|###2      | 231/711 [02:37<05:00,  1.60it/s]
train:  33%|###2      | 232/711 [02:38<04:59,  1.60it/s]
train:  33%|###2      | 233/711 [02:38<04:59,  1.60it/s]
train:  33%|###2      | 234/711 [02:39<04:58,  1.60it/s]
train:  33%|###3      | 235/711 [02:40<04:58,  1.59it/s]
train:  33%|###3      | 236/711 [02:40<04:57,  1.60it/s]
train:  33%|###3      | 237/711 [02:41<04:57,  1.60it/s]
train:  33%|###3      | 238/711 [02:41<04:56,  1.60it/s]
train:  34%|###3      | 239/711 [02:42<04:55,  1.60it/s]
train:  34%|###3      | 240/711 [02:43<04:54,  1.60it/s]
train:  34%|###3      | 241/711 [02:43<04:54,  1.60it/s]
train:  34%|###4      | 242/711 [02:44<04:53,  1.60it/s]
train:  34%|###4      | 243/711 [02:45<04:52,  1.60it/s]
train:  34%|###4      | 244/711 [02:45<04:52,  1.60it/s]
train:  34%|###4      | 245/711 [02:46<04:51,  1.60it/s]
train:  35%|###4      | 246/711 [02:46<04:51,  1.60it/s]
train:  35%|###4      | 247/711 [02:47<04:50,  1.60it/s]
train:  35%|###4      | 248/711 [02:48<04:49,  1.60it/s]
train:  35%|###5      | 249/711 [02:48<04:49,  1.60it/s]
train:  35%|###5      | 250/711 [02:49<04:48,  1.60it/s]
train:  35%|###5      | 251/711 [02:50<04:47,  1.60it/s]
train:  35%|###5      | 252/711 [02:50<04:47,  1.59it/s]
train:  36%|###5      | 253/711 [02:51<04:47,  1.59it/s]
train:  36%|###5      | 254/711 [02:51<04:46,  1.60it/s]
train:  36%|###5      | 255/711 [02:52<04:45,  1.60it/s]
train:  36%|###6      | 256/711 [02:53<04:44,  1.60it/s]
train:  36%|###6      | 257/711 [02:53<04:44,  1.59it/s]
train:  36%|###6      | 258/711 [02:54<04:43,  1.60it/s]
train:  36%|###6      | 259/711 [02:55<04:43,  1.60it/s]
train:  37%|###6      | 260/711 [02:55<04:43,  1.59it/s]
train:  37%|###6      | 261/711 [02:56<04:42,  1.59it/s]
train:  37%|###6      | 262/711 [02:56<04:41,  1.60it/s]
train:  37%|###6      | 263/711 [02:57<04:40,  1.59it/s]
train:  37%|###7      | 264/711 [02:58<04:40,  1.60it/s]
train:  37%|###7      | 265/711 [02:58<04:39,  1.60it/s]
train:  37%|###7      | 266/711 [02:59<04:39,  1.59it/s]
train:  38%|###7      | 267/711 [03:00<04:37,  1.60it/s]
train:  38%|###7      | 268/711 [03:00<04:37,  1.59it/s]
train:  38%|###7      | 269/711 [03:01<04:38,  1.59it/s]
train:  38%|###7      | 270/711 [03:01<04:36,  1.59it/s]
train:  38%|###8      | 271/711 [03:02<04:35,  1.59it/s]
train:  38%|###8      | 272/711 [03:03<04:35,  1.60it/s]
train:  38%|###8      | 273/711 [03:03<04:34,  1.59it/s]
train:  39%|###8      | 274/711 [03:04<04:34,  1.59it/s]
train:  39%|###8      | 275/711 [03:05<04:33,  1.59it/s]
train:  39%|###8      | 276/711 [03:05<04:32,  1.59it/s]
train:  39%|###8      | 277/711 [03:06<04:32,  1.59it/s]
train:  39%|###9      | 278/711 [03:06<04:31,  1.59it/s]
train:  39%|###9      | 279/711 [03:07<04:30,  1.60it/s]
train:  39%|###9      | 280/711 [03:08<04:30,  1.60it/s]
train:  40%|###9      | 281/711 [03:08<04:29,  1.60it/s]
train:  40%|###9      | 282/711 [03:09<04:28,  1.60it/s]
train:  40%|###9      | 283/711 [03:10<04:28,  1.60it/s]
train:  40%|###9      | 284/711 [03:10<04:27,  1.60it/s]
train:  40%|####      | 285/711 [03:11<04:26,  1.60it/s]
train:  40%|####      | 286/711 [03:11<04:26,  1.60it/s]
train:  40%|####      | 287/711 [03:12<04:25,  1.60it/s]
train:  41%|####      | 288/711 [03:13<04:24,  1.60it/s]
train:  41%|####      | 289/711 [03:13<04:23,  1.60it/s]
train:  41%|####      | 290/711 [03:14<04:24,  1.59it/s]
train:  41%|####      | 291/711 [03:15<04:23,  1.59it/s]
train:  41%|####1     | 292/711 [03:15<04:22,  1.60it/s]
train:  41%|####1     | 293/711 [03:16<04:21,  1.60it/s]
train:  41%|####1     | 294/711 [03:17<04:21,  1.59it/s]
train:  41%|####1     | 295/711 [03:17<04:20,  1.59it/s]
train:  42%|####1     | 296/711 [03:18<04:20,  1.60it/s]
train:  42%|####1     | 297/711 [03:18<04:19,  1.60it/s]
train:  42%|####1     | 298/711 [03:19<04:19,  1.59it/s]
train:  42%|####2     | 299/711 [03:20<04:18,  1.60it/s]
train:  42%|####2     | 300/711 [03:20<04:17,  1.59it/s]
train:  42%|####2     | 301/711 [03:21<04:17,  1.59it/s]
train:  42%|####2     | 302/711 [03:22<04:16,  1.60it/s]
train:  43%|####2     | 303/711 [03:22<04:15,  1.60it/s]
train:  43%|####2     | 304/711 [03:23<04:14,  1.60it/s]
train:  43%|####2     | 305/711 [03:23<04:14,  1.60it/s]
train:  43%|####3     | 306/711 [03:24<04:13,  1.60it/s]
train:  43%|####3     | 307/711 [03:25<04:13,  1.59it/s]
train:  43%|####3     | 308/711 [03:25<04:12,  1.60it/s]
train:  43%|####3     | 309/711 [03:26<04:11,  1.60it/s]
train:  44%|####3     | 310/711 [03:27<04:10,  1.60it/s]
train:  44%|####3     | 311/711 [03:27<04:10,  1.60it/s]
train:  44%|####3     | 312/711 [03:28<04:09,  1.60it/s]
train:  44%|####4     | 313/711 [03:28<04:08,  1.60it/s]
train:  44%|####4     | 314/711 [03:29<04:08,  1.60it/s]
train:  44%|####4     | 315/711 [03:30<04:07,  1.60it/s]
train:  44%|####4     | 316/711 [03:30<04:06,  1.60it/s]
train:  45%|####4     | 317/711 [03:31<04:06,  1.60it/s]
train:  45%|####4     | 318/711 [03:32<04:06,  1.60it/s]
train:  45%|####4     | 319/711 [03:32<04:05,  1.60it/s]
train:  45%|####5     | 320/711 [03:33<04:05,  1.60it/s]
train:  45%|####5     | 321/711 [03:33<04:04,  1.60it/s]
train:  45%|####5     | 322/711 [03:34<04:03,  1.60it/s]
train:  45%|####5     | 323/711 [03:35<04:03,  1.60it/s]
train:  46%|####5     | 324/711 [03:35<04:02,  1.60it/s]
train:  46%|####5     | 325/711 [03:36<04:01,  1.60it/s]
train:  46%|####5     | 326/711 [03:37<04:00,  1.60it/s]
train:  46%|####5     | 327/711 [03:37<04:00,  1.59it/s]
train:  46%|####6     | 328/711 [03:38<04:00,  1.59it/s]
train:  46%|####6     | 329/711 [03:38<03:59,  1.59it/s]
train:  46%|####6     | 330/711 [03:39<03:59,  1.59it/s]
train:  47%|####6     | 331/711 [03:40<03:58,  1.60it/s]
train:  47%|####6     | 332/711 [03:40<03:57,  1.60it/s]
train:  47%|####6     | 333/711 [03:41<03:56,  1.60it/s]
train:  47%|####6     | 334/711 [03:42<03:55,  1.60it/s]
train:  47%|####7     | 335/711 [03:42<03:55,  1.60it/s]
train:  47%|####7     | 336/711 [03:43<03:54,  1.60it/s]
train:  47%|####7     | 337/711 [03:43<03:54,  1.60it/s]
train:  48%|####7     | 338/711 [03:44<03:53,  1.60it/s]
train:  48%|####7     | 339/711 [03:45<03:53,  1.60it/s]
train:  48%|####7     | 340/711 [03:45<03:52,  1.59it/s]
train:  48%|####7     | 341/711 [03:46<03:52,  1.59it/s]
train:  48%|####8     | 342/711 [03:47<03:51,  1.59it/s]
train:  48%|####8     | 343/711 [03:47<03:50,  1.60it/s]
train:  48%|####8     | 344/711 [03:48<03:49,  1.60it/s]
train:  49%|####8     | 345/711 [03:48<03:49,  1.59it/s]
train:  49%|####8     | 346/711 [03:49<03:48,  1.60it/s]
train:  49%|####8     | 347/711 [03:50<03:47,  1.60it/s]
train:  49%|####8     | 348/711 [03:50<03:47,  1.60it/s]
train:  49%|####9     | 349/711 [03:51<03:46,  1.60it/s]
train:  49%|####9     | 350/711 [03:52<03:46,  1.60it/s]
train:  49%|####9     | 351/711 [03:52<03:46,  1.59it/s]
train:  50%|####9     | 352/711 [03:53<03:45,  1.59it/s]
train:  50%|####9     | 353/711 [03:53<03:44,  1.59it/s]
train:  50%|####9     | 354/711 [03:54<03:43,  1.59it/s]
train:  50%|####9     | 355/711 [03:55<03:43,  1.59it/s]
train:  50%|#####     | 356/711 [03:55<03:43,  1.59it/s]
train:  50%|#####     | 357/711 [03:56<03:42,  1.59it/s]
train:  50%|#####     | 358/711 [03:57<03:41,  1.59it/s]
train:  50%|#####     | 359/711 [03:57<03:40,  1.59it/s]
train:  51%|#####     | 360/711 [03:58<03:40,  1.59it/s]
train:  51%|#####     | 361/711 [03:58<03:39,  1.59it/s]
train:  51%|#####     | 362/711 [03:59<03:39,  1.59it/s]
train:  51%|#####1    | 363/711 [04:00<03:38,  1.59it/s]
train:  51%|#####1    | 364/711 [04:00<03:37,  1.59it/s]
train:  51%|#####1    | 365/711 [04:01<03:36,  1.59it/s]
train:  51%|#####1    | 366/711 [04:02<03:36,  1.59it/s]
train:  52%|#####1    | 367/711 [04:02<03:35,  1.59it/s]
train:  52%|#####1    | 368/711 [04:03<03:35,  1.59it/s]
train:  52%|#####1    | 369/711 [04:04<03:34,  1.59it/s]
train:  52%|#####2    | 370/711 [04:04<03:33,  1.60it/s]
train:  52%|#####2    | 371/711 [04:05<03:35,  1.57it/s]
train:  52%|#####2    | 372/711 [04:05<03:37,  1.56it/s]
train:  52%|#####2    | 373/711 [04:06<03:37,  1.55it/s]
train:  53%|#####2    | 374/711 [04:07<03:37,  1.55it/s]
train:  53%|#####2    | 375/711 [04:07<03:38,  1.54it/s]
train:  53%|#####2    | 376/711 [04:08<03:38,  1.54it/s]
train:  53%|#####3    | 377/711 [04:09<03:38,  1.53it/s]
train:  53%|#####3    | 378/711 [04:09<03:39,  1.52it/s]
train:  53%|#####3    | 379/711 [04:10<03:36,  1.53it/s]
train:  53%|#####3    | 380/711 [04:11<03:34,  1.54it/s]
train:  54%|#####3    | 381/711 [04:11<03:35,  1.53it/s]
train:  54%|#####3    | 382/711 [04:12<03:32,  1.55it/s]
train:  54%|#####3    | 383/711 [04:13<03:29,  1.56it/s]
train:  54%|#####4    | 384/711 [04:13<03:27,  1.58it/s]
train:  54%|#####4    | 385/711 [04:14<03:27,  1.57it/s]
train:  54%|#####4    | 386/711 [04:14<03:26,  1.57it/s]
train:  54%|#####4    | 387/711 [04:15<03:27,  1.56it/s]
train:  55%|#####4    | 388/711 [04:16<03:26,  1.57it/s]
train:  55%|#####4    | 389/711 [04:16<03:28,  1.55it/s]
train:  55%|#####4    | 390/711 [04:17<03:28,  1.54it/s]
train:  55%|#####4    | 391/711 [04:18<03:29,  1.53it/s]
train:  55%|#####5    | 392/711 [04:18<03:29,  1.52it/s]
train:  55%|#####5    | 393/711 [04:19<03:29,  1.52it/s]
train:  55%|#####5    | 394/711 [04:20<03:28,  1.52it/s]
train:  56%|#####5    | 395/711 [04:20<03:28,  1.52it/s]
train:  56%|#####5    | 396/711 [04:21<03:27,  1.52it/s]
train:  56%|#####5    | 397/711 [04:22<03:27,  1.51it/s]
train:  56%|#####5    | 398/711 [04:22<03:27,  1.51it/s]
train:  56%|#####6    | 399/711 [04:23<03:26,  1.51it/s]
train:  56%|#####6    | 400/711 [04:24<03:25,  1.51it/s]
train:  56%|#####6    | 401/711 [04:24<03:25,  1.51it/s]
train:  57%|#####6    | 402/711 [04:25<03:24,  1.51it/s]
train:  57%|#####6    | 403/711 [04:26<03:24,  1.50it/s]
train:  57%|#####6    | 404/711 [04:26<03:23,  1.51it/s]
train:  57%|#####6    | 405/711 [04:27<03:22,  1.51it/s]
train:  57%|#####7    | 406/711 [04:28<03:21,  1.51it/s]
train:  57%|#####7    | 407/711 [04:28<03:21,  1.51it/s]
train:  57%|#####7    | 408/711 [04:29<03:21,  1.51it/s]
train:  58%|#####7    | 409/711 [04:30<03:20,  1.51it/s]
train:  58%|#####7    | 410/711 [04:30<03:19,  1.51it/s]
train:  58%|#####7    | 411/711 [04:31<03:18,  1.51it/s]
train:  58%|#####7    | 412/711 [04:32<03:17,  1.51it/s]
train:  58%|#####8    | 413/711 [04:32<03:16,  1.51it/s]
train:  58%|#####8    | 414/711 [04:33<03:16,  1.51it/s]
train:  58%|#####8    | 415/711 [04:34<03:14,  1.52it/s]
train:  59%|#####8    | 416/711 [04:34<03:14,  1.52it/s]
train:  59%|#####8    | 417/711 [04:35<03:14,  1.51it/s]
train:  59%|#####8    | 418/711 [04:36<03:13,  1.51it/s]
train:  59%|#####8    | 419/711 [04:36<03:12,  1.52it/s]
train:  59%|#####9    | 420/711 [04:37<03:11,  1.52it/s]
train:  59%|#####9    | 421/711 [04:38<03:10,  1.52it/s]
train:  59%|#####9    | 422/711 [04:38<03:10,  1.52it/s]
train:  59%|#####9    | 423/711 [04:39<03:10,  1.51it/s]
train:  60%|#####9    | 424/711 [04:40<03:10,  1.51it/s]
train:  60%|#####9    | 425/711 [04:40<03:09,  1.51it/s]
train:  60%|#####9    | 426/711 [04:41<03:08,  1.51it/s]
train:  60%|######    | 427/711 [04:42<03:09,  1.50it/s]
train:  60%|######    | 428/711 [04:42<03:10,  1.48it/s]
train:  60%|######    | 429/711 [04:43<03:10,  1.48it/s]
train:  60%|######    | 430/711 [04:44<03:11,  1.47it/s]
train:  61%|######    | 431/711 [04:44<03:10,  1.47it/s]
train:  61%|######    | 432/711 [04:45<03:09,  1.47it/s]
train:  61%|######    | 433/711 [04:46<03:08,  1.47it/s]
train:  61%|######1   | 434/711 [04:46<03:07,  1.48it/s]
train:  61%|######1   | 435/711 [04:47<03:05,  1.49it/s]
train:  61%|######1   | 436/711 [04:48<03:03,  1.50it/s]
train:  61%|######1   | 437/711 [04:48<03:01,  1.51it/s]
train:  62%|######1   | 438/711 [04:49<03:01,  1.50it/s]
train:  62%|######1   | 439/711 [04:50<03:00,  1.50it/s]
train:  62%|######1   | 440/711 [04:50<03:00,  1.50it/s]
train:  62%|######2   | 441/711 [04:51<02:59,  1.50it/s]
train:  62%|######2   | 442/711 [04:52<02:58,  1.51it/s]
train:  62%|######2   | 443/711 [04:52<02:57,  1.51it/s]
train:  62%|######2   | 444/711 [04:53<02:57,  1.51it/s]
train:  63%|######2   | 445/711 [04:54<02:56,  1.51it/s]
train:  63%|######2   | 446/711 [04:54<02:55,  1.51it/s]
train:  63%|######2   | 447/711 [04:55<02:54,  1.51it/s]
train:  63%|######3   | 448/711 [04:56<02:53,  1.51it/s]
train:  63%|######3   | 449/711 [04:56<02:53,  1.51it/s]
train:  63%|######3   | 450/711 [04:57<02:52,  1.51it/s]
train:  63%|######3   | 451/711 [04:58<02:52,  1.51it/s]
train:  64%|######3   | 452/711 [04:58<02:50,  1.52it/s]
train:  64%|######3   | 453/711 [04:59<02:49,  1.52it/s]
train:  64%|######3   | 454/711 [05:00<02:49,  1.52it/s]
train:  64%|######3   | 455/711 [05:00<02:48,  1.51it/s]
train:  64%|######4   | 456/711 [05:01<02:47,  1.52it/s]
train:  64%|######4   | 457/711 [05:02<02:47,  1.51it/s]
train:  64%|######4   | 458/711 [05:02<02:47,  1.51it/s]
train:  65%|######4   | 459/711 [05:03<02:46,  1.51it/s]
train:  65%|######4   | 460/711 [05:04<02:46,  1.51it/s]
train:  65%|######4   | 461/711 [05:04<02:44,  1.52it/s]
train:  65%|######4   | 462/711 [05:05<02:41,  1.54it/s]
train:  65%|######5   | 463/711 [05:05<02:39,  1.56it/s]
train:  65%|######5   | 464/711 [05:06<02:37,  1.57it/s]
train:  65%|######5   | 465/711 [05:07<02:36,  1.57it/s]
train:  66%|######5   | 466/711 [05:07<02:34,  1.58it/s]
train:  66%|######5   | 467/711 [05:08<02:34,  1.58it/s]
train:  66%|######5   | 468/711 [05:09<02:32,  1.59it/s]
train:  66%|######5   | 469/711 [05:09<02:32,  1.59it/s]
train:  66%|######6   | 470/711 [05:10<02:31,  1.59it/s]
train:  66%|######6   | 471/711 [05:10<02:30,  1.59it/s]
train:  66%|######6   | 472/711 [05:11<02:29,  1.60it/s]
train:  67%|######6   | 473/711 [05:12<02:29,  1.59it/s]
train:  67%|######6   | 474/711 [05:12<02:28,  1.59it/s]
train:  67%|######6   | 475/711 [05:13<02:27,  1.60it/s]
train:  67%|######6   | 476/711 [05:14<02:27,  1.59it/s]
train:  67%|######7   | 477/711 [05:14<02:26,  1.60it/s]
train:  67%|######7   | 478/711 [05:15<02:26,  1.59it/s]
train:  67%|######7   | 479/711 [05:15<02:25,  1.59it/s]
train:  68%|######7   | 480/711 [05:16<02:24,  1.59it/s]
train:  68%|######7   | 481/711 [05:17<02:25,  1.58it/s]
train:  68%|######7   | 482/711 [05:17<02:27,  1.55it/s]
train:  68%|######7   | 483/711 [05:18<02:27,  1.54it/s]
train:  68%|######8   | 484/711 [05:19<02:26,  1.55it/s]
train:  68%|######8   | 485/711 [05:19<02:27,  1.54it/s]
train:  68%|######8   | 486/711 [05:20<02:24,  1.55it/s]
train:  68%|######8   | 487/711 [05:21<02:23,  1.57it/s]
train:  69%|######8   | 488/711 [05:21<02:21,  1.57it/s]
train:  69%|######8   | 489/711 [05:22<02:20,  1.58it/s]
train:  69%|######8   | 490/711 [05:23<02:19,  1.59it/s]
train:  69%|######9   | 491/711 [05:23<02:18,  1.59it/s]
train:  69%|######9   | 492/711 [05:24<02:17,  1.59it/s]
train:  69%|######9   | 493/711 [05:24<02:17,  1.59it/s]
train:  69%|######9   | 494/711 [05:25<02:16,  1.59it/s]
train:  70%|######9   | 495/711 [05:26<02:15,  1.59it/s]
train:  70%|######9   | 496/711 [05:26<02:15,  1.59it/s]
train:  70%|######9   | 497/711 [05:27<02:14,  1.59it/s]
train:  70%|#######   | 498/711 [05:28<02:13,  1.60it/s]
train:  70%|#######   | 499/711 [05:28<02:12,  1.59it/s]
train:  70%|#######   | 500/711 [05:29<02:12,  1.59it/s]
train:  70%|#######   | 501/711 [05:29<02:12,  1.59it/s]
train:  71%|#######   | 502/711 [05:30<02:11,  1.59it/s]
train:  71%|#######   | 503/711 [05:31<02:10,  1.59it/s]
train:  71%|#######   | 504/711 [05:31<02:09,  1.60it/s]
train:  71%|#######1  | 505/711 [05:32<02:08,  1.60it/s]
train:  71%|#######1  | 506/711 [05:33<02:08,  1.60it/s]
train:  71%|#######1  | 507/711 [05:33<02:07,  1.60it/s]
train:  71%|#######1  | 508/711 [05:34<02:07,  1.60it/s]
train:  72%|#######1  | 509/711 [05:34<02:06,  1.60it/s]
train:  72%|#######1  | 510/711 [05:35<02:05,  1.60it/s]
train:  72%|#######1  | 511/711 [05:36<02:05,  1.60it/s]
train:  72%|#######2  | 512/711 [05:36<02:04,  1.60it/s]
train:  72%|#######2  | 513/711 [05:37<02:04,  1.60it/s]
train:  72%|#######2  | 514/711 [05:38<02:03,  1.60it/s]
train:  72%|#######2  | 515/711 [05:38<02:02,  1.60it/s]
train:  73%|#######2  | 516/711 [05:39<02:02,  1.60it/s]
train:  73%|#######2  | 517/711 [05:39<02:01,  1.60it/s]
train:  73%|#######2  | 518/711 [05:40<02:00,  1.60it/s]
train:  73%|#######2  | 519/711 [05:41<02:00,  1.60it/s]
train:  73%|#######3  | 520/711 [05:41<01:59,  1.60it/s]
train:  73%|#######3  | 521/711 [05:42<01:58,  1.60it/s]
train:  73%|#######3  | 522/711 [05:43<01:58,  1.60it/s]
train:  74%|#######3  | 523/711 [05:43<01:57,  1.60it/s]
train:  74%|#######3  | 524/711 [05:44<01:56,  1.60it/s]
train:  74%|#######3  | 525/711 [05:44<01:56,  1.60it/s]
train:  74%|#######3  | 526/711 [05:45<01:55,  1.60it/s]
train:  74%|#######4  | 527/711 [05:46<01:55,  1.60it/s]
train:  74%|#######4  | 528/711 [05:46<01:54,  1.60it/s]
train:  74%|#######4  | 529/711 [05:47<01:53,  1.60it/s]
train:  75%|#######4  | 530/711 [05:48<01:53,  1.60it/s]
train:  75%|#######4  | 531/711 [05:48<01:52,  1.60it/s]
train:  75%|#######4  | 532/711 [05:49<01:52,  1.59it/s]
train:  75%|#######4  | 533/711 [05:49<01:51,  1.59it/s]
train:  75%|#######5  | 534/711 [05:50<01:51,  1.59it/s]
train:  75%|#######5  | 535/711 [05:51<01:50,  1.59it/s]
train:  75%|#######5  | 536/711 [05:51<01:49,  1.59it/s]
train:  76%|#######5  | 537/711 [05:52<01:49,  1.59it/s]
train:  76%|#######5  | 538/711 [05:53<01:48,  1.59it/s]
train:  76%|#######5  | 539/711 [05:53<01:47,  1.59it/s]
train:  76%|#######5  | 540/711 [05:54<01:47,  1.59it/s]
train:  76%|#######6  | 541/711 [05:54<01:46,  1.59it/s]
train:  76%|#######6  | 542/711 [05:55<01:46,  1.58it/s]
train:  76%|#######6  | 543/711 [05:56<01:45,  1.59it/s]
train:  77%|#######6  | 544/711 [05:56<01:45,  1.59it/s]
train:  77%|#######6  | 545/711 [05:57<01:44,  1.59it/s]
train:  77%|#######6  | 546/711 [05:58<01:43,  1.59it/s]
train:  77%|#######6  | 547/711 [05:58<01:42,  1.60it/s]
train:  77%|#######7  | 548/711 [05:59<01:42,  1.59it/s]
train:  77%|#######7  | 549/711 [06:00<01:41,  1.60it/s]
train:  77%|#######7  | 550/711 [06:00<01:40,  1.60it/s]
train:  77%|#######7  | 551/711 [06:01<01:40,  1.60it/s]
train:  78%|#######7  | 552/711 [06:01<01:39,  1.60it/s]
train:  78%|#######7  | 553/711 [06:02<01:39,  1.59it/s]
train:  78%|#######7  | 554/711 [06:03<01:38,  1.60it/s]
train:  78%|#######8  | 555/711 [06:03<01:37,  1.60it/s]
train:  78%|#######8  | 556/711 [06:04<01:36,  1.60it/s]
train:  78%|#######8  | 557/711 [06:05<01:36,  1.60it/s]
train:  78%|#######8  | 558/711 [06:05<01:36,  1.59it/s]
train:  79%|#######8  | 559/711 [06:06<01:36,  1.58it/s]
train:  79%|#######8  | 560/711 [06:06<01:36,  1.57it/s]
train:  79%|#######8  | 561/711 [06:07<01:34,  1.58it/s]
train:  79%|#######9  | 562/711 [06:08<01:34,  1.58it/s]
train:  79%|#######9  | 563/711 [06:08<01:33,  1.59it/s]
train:  79%|#######9  | 564/711 [06:09<01:32,  1.59it/s]
train:  79%|#######9  | 565/711 [06:10<01:31,  1.59it/s]
train:  80%|#######9  | 566/711 [06:10<01:30,  1.60it/s]
train:  80%|#######9  | 567/711 [06:11<01:30,  1.60it/s]
train:  80%|#######9  | 568/711 [06:11<01:29,  1.60it/s]
train:  80%|########  | 569/711 [06:12<01:28,  1.60it/s]
train:  80%|########  | 570/711 [06:13<01:28,  1.60it/s]
train:  80%|########  | 571/711 [06:13<01:27,  1.60it/s]
train:  80%|########  | 572/711 [06:14<01:26,  1.60it/s]
train:  81%|########  | 573/711 [06:15<01:26,  1.59it/s]
train:  81%|########  | 574/711 [06:15<01:26,  1.59it/s]
train:  81%|########  | 575/711 [06:16<01:25,  1.59it/s]
train:  81%|########1 | 576/711 [06:16<01:25,  1.58it/s]
train:  81%|########1 | 577/711 [06:17<01:24,  1.58it/s]
train:  81%|########1 | 578/711 [06:18<01:23,  1.59it/s]
train:  81%|########1 | 579/711 [06:18<01:23,  1.59it/s]
train:  82%|########1 | 580/711 [06:19<01:22,  1.59it/s]
train:  82%|########1 | 581/711 [06:20<01:21,  1.59it/s]
train:  82%|########1 | 582/711 [06:20<01:21,  1.59it/s]
train:  82%|########1 | 583/711 [06:21<01:20,  1.59it/s]
train:  82%|########2 | 584/711 [06:22<01:19,  1.59it/s]
train:  82%|########2 | 585/711 [06:22<01:19,  1.58it/s]
train:  82%|########2 | 586/711 [06:23<01:19,  1.58it/s]
train:  83%|########2 | 587/711 [06:23<01:18,  1.58it/s]
train:  83%|########2 | 588/711 [06:24<01:19,  1.55it/s]
train:  83%|########2 | 589/711 [06:25<01:19,  1.54it/s]
train:  83%|########2 | 590/711 [06:25<01:18,  1.54it/s]
train:  83%|########3 | 591/711 [06:26<01:18,  1.53it/s]
train:  83%|########3 | 592/711 [06:27<01:18,  1.52it/s]
train:  83%|########3 | 593/711 [06:27<01:17,  1.52it/s]
train:  84%|########3 | 594/711 [06:28<01:17,  1.52it/s]
train:  84%|########3 | 595/711 [06:29<01:16,  1.52it/s]
train:  84%|########3 | 596/711 [06:29<01:16,  1.51it/s]
train:  84%|########3 | 597/711 [06:30<01:15,  1.50it/s]
train:  84%|########4 | 598/711 [06:31<01:15,  1.50it/s]
train:  84%|########4 | 599/711 [06:31<01:14,  1.50it/s]
train:  84%|########4 | 600/711 [06:32<01:13,  1.51it/s]
train:  85%|########4 | 601/711 [06:33<01:13,  1.51it/s]
train:  85%|########4 | 602/711 [06:33<01:12,  1.51it/s]
train:  85%|########4 | 603/711 [06:34<01:11,  1.51it/s]
train:  85%|########4 | 604/711 [06:35<01:11,  1.50it/s]
train:  85%|########5 | 605/711 [06:35<01:10,  1.51it/s]
train:  85%|########5 | 606/711 [06:36<01:09,  1.51it/s]
train:  85%|########5 | 607/711 [06:37<01:09,  1.51it/s]
train:  86%|########5 | 608/711 [06:37<01:08,  1.50it/s]
train:  86%|########5 | 609/711 [06:38<01:07,  1.50it/s]
train:  86%|########5 | 610/711 [06:39<01:07,  1.50it/s]
train:  86%|########5 | 611/711 [06:39<01:05,  1.53it/s]
train:  86%|########6 | 612/711 [06:40<01:04,  1.54it/s]
train:  86%|########6 | 613/711 [06:41<01:02,  1.56it/s]
train:  86%|########6 | 614/711 [06:41<01:01,  1.57it/s]
train:  86%|########6 | 615/711 [06:42<01:00,  1.58it/s]
train:  87%|########6 | 616/711 [06:42<00:59,  1.58it/s]
train:  87%|########6 | 617/711 [06:43<00:59,  1.59it/s]
train:  87%|########6 | 618/711 [06:44<00:58,  1.59it/s]
train:  87%|########7 | 619/711 [06:44<00:57,  1.59it/s]
train:  87%|########7 | 620/711 [06:45<00:57,  1.59it/s]
train:  87%|########7 | 621/711 [06:46<00:56,  1.59it/s]
train:  87%|########7 | 622/711 [06:46<00:55,  1.59it/s]
train:  88%|########7 | 623/711 [06:47<00:55,  1.60it/s]
train:  88%|########7 | 624/711 [06:47<00:54,  1.60it/s]
train:  88%|########7 | 625/711 [06:48<00:53,  1.60it/s]
train:  88%|########8 | 626/711 [06:49<00:53,  1.60it/s]
train:  88%|########8 | 627/711 [06:49<00:52,  1.60it/s]
train:  88%|########8 | 628/711 [06:50<00:51,  1.60it/s]
train:  88%|########8 | 629/711 [06:51<00:49,  1.67it/s]
train:  89%|########8 | 630/711 [06:51<00:49,  1.64it/s]
train:  89%|########8 | 631/711 [06:52<00:49,  1.63it/s]
train:  89%|########8 | 632/711 [06:52<00:48,  1.62it/s]
train:  89%|########9 | 633/711 [06:53<00:48,  1.61it/s]
train:  89%|########9 | 634/711 [06:54<00:47,  1.61it/s]
train:  89%|########9 | 635/711 [06:54<00:48,  1.58it/s]
train:  89%|########9 | 636/711 [06:55<00:48,  1.56it/s]
train:  90%|########9 | 637/711 [06:56<00:47,  1.57it/s]
train:  90%|########9 | 638/711 [06:56<00:46,  1.58it/s]
train:  90%|########9 | 639/711 [06:57<00:45,  1.58it/s]
train:  90%|######### | 640/711 [06:57<00:44,  1.59it/s]
train:  90%|######### | 641/711 [06:58<00:44,  1.58it/s]
train:  90%|######### | 642/711 [06:59<00:43,  1.58it/s]
train:  90%|######### | 643/711 [06:59<00:42,  1.58it/s]
train:  91%|######### | 644/711 [07:00<00:42,  1.59it/s]
train:  91%|######### | 645/711 [07:01<00:41,  1.58it/s]
train:  91%|######### | 646/711 [07:01<00:41,  1.58it/s]
train:  91%|######### | 647/711 [07:02<00:40,  1.59it/s]
train:  91%|#########1| 648/711 [07:03<00:39,  1.59it/s]
train:  91%|#########1| 649/711 [07:03<00:39,  1.59it/s]
train:  91%|#########1| 650/711 [07:04<00:38,  1.59it/s]
train:  92%|#########1| 651/711 [07:04<00:37,  1.59it/s]
train:  92%|#########1| 652/711 [07:05<00:37,  1.59it/s]
train:  92%|#########1| 653/711 [07:06<00:36,  1.59it/s]
train:  92%|#########1| 654/711 [07:06<00:35,  1.59it/s]
train:  92%|#########2| 655/711 [07:07<00:35,  1.59it/s]
train:  92%|#########2| 656/711 [07:08<00:34,  1.59it/s]
train:  92%|#########2| 657/711 [07:08<00:33,  1.59it/s]
train:  93%|#########2| 658/711 [07:09<00:33,  1.57it/s]
train:  93%|#########2| 659/711 [07:09<00:32,  1.58it/s]
train:  93%|#########2| 660/711 [07:10<00:32,  1.58it/s]
train:  93%|#########2| 661/711 [07:11<00:31,  1.56it/s]
train:  93%|#########3| 662/711 [07:11<00:31,  1.55it/s]
train:  93%|#########3| 663/711 [07:12<00:31,  1.53it/s]
train:  93%|#########3| 664/711 [07:13<00:30,  1.53it/s]
train:  94%|#########3| 665/711 [07:13<00:30,  1.52it/s]
train:  94%|#########3| 666/711 [07:14<00:29,  1.52it/s]
train:  94%|#########3| 667/711 [07:15<00:28,  1.52it/s]
train:  94%|#########3| 668/711 [07:15<00:28,  1.52it/s]
train:  94%|#########4| 669/711 [07:16<00:27,  1.51it/s]
train:  94%|#########4| 670/711 [07:17<00:27,  1.51it/s]
train:  94%|#########4| 671/711 [07:17<00:26,  1.51it/s]
train:  95%|#########4| 672/711 [07:18<00:25,  1.51it/s]
train:  95%|#########4| 673/711 [07:19<00:24,  1.53it/s]
train:  95%|#########4| 674/711 [07:19<00:23,  1.55it/s]
train:  95%|#########4| 675/711 [07:20<00:23,  1.56it/s]
train:  95%|#########5| 676/711 [07:21<00:22,  1.57it/s]
train:  95%|#########5| 677/711 [07:21<00:21,  1.58it/s]
train:  95%|#########5| 678/711 [07:22<00:20,  1.58it/s]
train:  95%|#########5| 679/711 [07:22<00:20,  1.59it/s]
train:  96%|#########5| 680/711 [07:23<00:19,  1.59it/s]
train:  96%|#########5| 681/711 [07:24<00:18,  1.59it/s]
train:  96%|#########5| 682/711 [07:24<00:18,  1.59it/s]
train:  96%|#########6| 683/711 [07:25<00:17,  1.59it/s]
train:  96%|#########6| 684/711 [07:26<00:16,  1.59it/s]
train:  96%|#########6| 685/711 [07:26<00:16,  1.59it/s]
train:  96%|#########6| 686/711 [07:27<00:15,  1.59it/s]
train:  97%|#########6| 687/711 [07:27<00:15,  1.60it/s]
train:  97%|#########6| 688/711 [07:28<00:14,  1.60it/s]
train:  97%|#########6| 689/711 [07:29<00:13,  1.60it/s]
train:  97%|#########7| 690/711 [07:29<00:13,  1.60it/s]
train:  97%|#########7| 691/711 [07:30<00:12,  1.59it/s]
train:  97%|#########7| 692/711 [07:31<00:11,  1.60it/s]
train:  97%|#########7| 693/711 [07:31<00:11,  1.60it/s]
train:  98%|#########7| 694/711 [07:32<00:10,  1.59it/s]
train:  98%|#########7| 695/711 [07:32<00:10,  1.59it/s]
train:  98%|#########7| 696/711 [07:33<00:09,  1.56it/s]
train:  98%|#########8| 697/711 [07:34<00:09,  1.52it/s]
train:  98%|#########8| 698/711 [07:34<00:08,  1.53it/s]
train:  98%|#########8| 699/711 [07:35<00:07,  1.51it/s]
train:  98%|#########8| 700/711 [07:36<00:07,  1.49it/s]
train:  99%|#########8| 701/711 [07:37<00:06,  1.49it/s]
train:  99%|#########8| 702/711 [07:37<00:06,  1.48it/s]
train:  99%|#########8| 703/711 [07:38<00:05,  1.48it/s]
train:  99%|#########9| 704/711 [07:39<00:04,  1.48it/s]
train:  99%|#########9| 705/711 [07:39<00:03,  1.51it/s]
train:  99%|#########9| 706/711 [07:40<00:03,  1.53it/s]
train:  99%|#########9| 707/711 [07:40<00:02,  1.55it/s]
train: 100%|#########9| 708/711 [07:41<00:01,  1.56it/s]
train: 100%|#########9| 709/711 [07:42<00:01,  1.56it/s]
train: 100%|#########9| 710/711 [07:42<00:00,  1.58it/s]
train: 100%|##########| 711/711 [07:43<00:00,  1.85it/s]
                                                        

eval:   0%|          | 0/62 [00:00<?, ?it/s]
eval:   2%|1         | 1/62 [00:12<13:05, 12.88s/it]
eval:   5%|4         | 3/62 [00:13<03:21,  3.41s/it]
eval:   8%|8         | 5/62 [00:13<01:37,  1.71s/it]
eval:  11%|#1        | 7/62 [00:13<00:56,  1.02s/it]
eval:  15%|#4        | 9/62 [00:13<00:35,  1.49it/s]
eval:  18%|#7        | 11/62 [00:13<00:23,  2.13it/s]
eval:  21%|##        | 13/62 [00:14<00:16,  2.89it/s]
eval:  24%|##4       | 15/62 [00:14<00:12,  3.78it/s]
eval:  27%|##7       | 17/62 [00:14<00:09,  4.74it/s]
eval:  31%|###       | 19/62 [00:14<00:07,  5.73it/s]
eval:  34%|###3      | 21/62 [00:14<00:06,  6.67it/s]
eval:  37%|###7      | 23/62 [00:14<00:05,  7.51it/s]
eval:  40%|####      | 25/62 [00:15<00:04,  8.22it/s]
eval:  44%|####3     | 27/62 [00:15<00:03,  8.81it/s]
eval:  47%|####6     | 29/62 [00:15<00:03,  9.30it/s]
eval:  50%|#####     | 31/62 [00:15<00:03,  9.68it/s]
eval:  53%|#####3    | 33/62 [00:15<00:02,  9.90it/s]
eval:  56%|#####6    | 35/62 [00:16<00:02, 10.09it/s]
eval:  60%|#####9    | 37/62 [00:16<00:02, 10.22it/s]
eval:  63%|######2   | 39/62 [00:16<00:02, 10.37it/s]
eval:  66%|######6   | 41/62 [00:16<00:02, 10.44it/s]
eval:  69%|######9   | 43/62 [00:16<00:01, 10.49it/s]
eval:  73%|#######2  | 45/62 [00:17<00:01, 10.49it/s]
eval:  76%|#######5  | 47/62 [00:17<00:01, 10.51it/s]
eval:  79%|#######9  | 49/62 [00:17<00:01, 10.51it/s]
eval:  82%|########2 | 51/62 [00:17<00:01, 10.55it/s]
eval:  85%|########5 | 53/62 [00:17<00:00, 10.57it/s]
eval:  89%|########8 | 55/62 [00:17<00:00, 10.55it/s]
eval:  92%|#########1| 57/62 [00:18<00:00, 10.60it/s]
eval:  95%|#########5| 59/62 [00:18<00:00, 10.57it/s]
eval:  98%|#########8| 61/62 [00:18<00:00, 10.60it/s]
epoch=1 train_loss=0.1756 val_auroc=0.9669 train_s=464.0 val_s=19.4
                                                     

train:   0%|          | 0/711 [00:00<?, ?it/s]
train:   0%|          | 1/711 [00:13<2:37:11, 13.28s/it]
train:   0%|          | 2/711 [00:13<1:09:00,  5.84s/it]
train:   0%|          | 3/711 [00:14<40:49,  3.46s/it]  
train:   1%|          | 4/711 [00:15<27:34,  2.34s/it]
train:   1%|          | 5/711 [00:15<20:15,  1.72s/it]
train:   1%|          | 6/711 [00:16<15:51,  1.35s/it]
train:   1%|          | 7/711 [00:17<13:02,  1.11s/it]
train:   1%|1         | 8/711 [00:17<11:12,  1.05it/s]
train:   1%|1         | 9/711 [00:18<09:58,  1.17it/s]
train:   1%|1         | 10/711 [00:18<09:08,  1.28it/s]
train:   2%|1         | 11/711 [00:19<08:33,  1.36it/s]
train:   2%|1         | 12/711 [00:20<08:09,  1.43it/s]
train:   2%|1         | 13/711 [00:20<07:53,  1.48it/s]
train:   2%|1         | 14/711 [00:21<07:47,  1.49it/s]
train:   2%|2         | 15/711 [00:22<07:43,  1.50it/s]
train:   2%|2         | 16/711 [00:22<07:40,  1.51it/s]
train:   2%|2         | 17/711 [00:23<07:42,  1.50it/s]
train:   3%|2         | 18/711 [00:24<07:43,  1.50it/s]
train:   3%|2         | 19/711 [00:24<07:41,  1.50it/s]
train:   3%|2         | 20/711 [00:25<07:40,  1.50it/s]
train:   3%|2         | 21/711 [00:26<07:35,  1.51it/s]
train:   3%|3         | 22/711 [00:26<07:33,  1.52it/s]
train:   3%|3         | 23/711 [00:27<07:29,  1.53it/s]
train:   3%|3         | 24/711 [00:28<07:30,  1.52it/s]
train:   4%|3         | 25/711 [00:28<07:35,  1.51it/s]
train:   4%|3         | 26/711 [00:29<07:38,  1.49it/s]
train:   4%|3         | 27/711 [00:30<07:34,  1.51it/s]
train:   4%|3         | 28/711 [00:30<07:27,  1.53it/s]
train:   4%|4         | 29/711 [00:31<07:21,  1.54it/s]
train:   4%|4         | 30/711 [00:31<07:16,  1.56it/s]
train:   4%|4         | 31/711 [00:32<07:12,  1.57it/s]
train:   5%|4         | 32/711 [00:33<07:10,  1.58it/s]
train:   5%|4         | 33/711 [00:33<07:09,  1.58it/s]
train:   5%|4         | 34/711 [00:34<07:07,  1.58it/s]
train:   5%|4         | 35/711 [00:35<07:06,  1.58it/s]
train:   5%|5         | 36/711 [00:35<07:09,  1.57it/s]
train:   5%|5         | 37/711 [00:36<07:07,  1.57it/s]
train:   5%|5         | 38/711 [00:37<07:12,  1.56it/s]
train:   5%|5         | 39/711 [00:37<07:16,  1.54it/s]
train:   6%|5         | 40/711 [00:38<07:18,  1.53it/s]
train:   6%|5         | 41/711 [00:39<07:23,  1.51it/s]
train:   6%|5         | 42/711 [00:39<07:23,  1.51it/s]
train:   6%|6         | 43/711 [00:40<07:26,  1.50it/s]
train:   6%|6         | 44/711 [00:41<07:28,  1.49it/s]
train:   6%|6         | 45/711 [00:41<07:29,  1.48it/s]
train:   6%|6         | 46/711 [00:42<07:27,  1.49it/s]
train:   7%|6         | 47/711 [00:43<07:24,  1.49it/s]
train:   7%|6         | 48/711 [00:43<07:20,  1.51it/s]
train:   7%|6         | 49/711 [00:44<07:17,  1.51it/s]
train:   7%|7         | 50/711 [00:45<07:17,  1.51it/s]
train:   7%|7         | 51/711 [00:45<07:17,  1.51it/s]
train:   7%|7         | 52/711 [00:46<07:17,  1.51it/s]
train:   7%|7         | 53/711 [00:47<07:15,  1.51it/s]
train:   8%|7         | 54/711 [00:47<07:13,  1.51it/s]
train:   8%|7         | 55/711 [00:48<07:13,  1.51it/s]
train:   8%|7         | 56/711 [00:49<07:15,  1.51it/s]
train:   8%|8         | 57/711 [00:49<07:15,  1.50it/s]
train:   8%|8         | 58/711 [00:50<07:13,  1.51it/s]
train:   8%|8         | 59/711 [00:51<07:12,  1.51it/s]
train:   8%|8         | 60/711 [00:51<07:13,  1.50it/s]
train:   9%|8         | 61/711 [00:52<07:12,  1.50it/s]
train:   9%|8         | 62/711 [00:53<07:11,  1.50it/s]
train:   9%|8         | 63/711 [00:53<07:10,  1.51it/s]
train:   9%|9         | 64/711 [00:54<07:07,  1.51it/s]
train:   9%|9         | 65/711 [00:54<07:06,  1.52it/s]
train:   9%|9         | 66/711 [00:55<07:06,  1.51it/s]
train:   9%|9         | 67/711 [00:56<07:07,  1.51it/s]
train:  10%|9         | 68/711 [00:56<07:08,  1.50it/s]
train:  10%|9         | 69/711 [00:57<07:12,  1.48it/s]
train:  10%|9         | 70/711 [00:58<07:14,  1.48it/s]
train:  10%|9         | 71/711 [00:59<07:11,  1.48it/s]
train:  10%|#         | 72/711 [00:59<07:08,  1.49it/s]
train:  10%|#         | 73/711 [01:00<07:05,  1.50it/s]
train:  10%|#         | 74/711 [01:00<06:58,  1.52it/s]
train:  11%|#         | 75/711 [01:01<06:51,  1.55it/s]
train:  11%|#         | 76/711 [01:02<06:47,  1.56it/s]
train:  11%|#         | 77/711 [01:02<06:43,  1.57it/s]
train:  11%|#         | 78/711 [01:03<06:40,  1.58it/s]
train:  11%|#1        | 79/711 [01:04<06:38,  1.59it/s]
train:  11%|#1        | 80/711 [01:04<06:41,  1.57it/s]
train:  11%|#1        | 81/711 [01:05<06:41,  1.57it/s]
train:  12%|#1        | 82/711 [01:06<06:46,  1.55it/s]
train:  12%|#1        | 83/711 [01:06<06:46,  1.55it/s]
train:  12%|#1        | 84/711 [01:07<06:42,  1.56it/s]
train:  12%|#1        | 85/711 [01:07<06:43,  1.55it/s]
train:  12%|#2        | 86/711 [01:08<06:39,  1.56it/s]
train:  12%|#2        | 87/711 [01:09<06:38,  1.57it/s]
train:  12%|#2        | 88/711 [01:09<06:35,  1.58it/s]
train:  13%|#2        | 89/711 [01:10<06:33,  1.58it/s]
train:  13%|#2        | 90/711 [01:11<06:32,  1.58it/s]
train:  13%|#2        | 91/711 [01:11<06:31,  1.58it/s]
train:  13%|#2        | 92/711 [01:12<06:30,  1.59it/s]
train:  13%|#3        | 93/711 [01:13<06:28,  1.59it/s]
train:  13%|#3        | 94/711 [01:13<06:27,  1.59it/s]
train:  13%|#3        | 95/711 [01:14<06:27,  1.59it/s]
train:  14%|#3        | 96/711 [01:14<06:26,  1.59it/s]
train:  14%|#3        | 97/711 [01:15<06:25,  1.59it/s]
train:  14%|#3        | 98/711 [01:16<06:25,  1.59it/s]
train:  14%|#3        | 99/711 [01:16<06:24,  1.59it/s]
train:  14%|#4        | 100/711 [01:17<06:25,  1.59it/s]
train:  14%|#4        | 101/711 [01:18<06:25,  1.58it/s]
train:  14%|#4        | 102/711 [01:18<06:25,  1.58it/s]
train:  14%|#4        | 103/711 [01:19<06:24,  1.58it/s]
train:  15%|#4        | 104/711 [01:19<06:23,  1.58it/s]
train:  15%|#4        | 105/711 [01:20<06:22,  1.59it/s]
train:  15%|#4        | 106/711 [01:21<06:24,  1.57it/s]
train:  15%|#5        | 107/711 [01:21<06:23,  1.58it/s]
train:  15%|#5        | 108/711 [01:22<06:21,  1.58it/s]
train:  15%|#5        | 109/711 [01:23<06:20,  1.58it/s]
train:  15%|#5        | 110/711 [01:23<06:20,  1.58it/s]
train:  16%|#5        | 111/711 [01:24<06:18,  1.58it/s]
train:  16%|#5        | 112/711 [01:25<06:17,  1.59it/s]
train:  16%|#5        | 113/711 [01:25<06:17,  1.59it/s]
train:  16%|#6        | 114/711 [01:26<06:16,  1.59it/s]
train:  16%|#6        | 115/711 [01:26<06:19,  1.57it/s]
train:  16%|#6        | 116/711 [01:27<06:16,  1.58it/s]
train:  16%|#6        | 117/711 [01:28<06:19,  1.57it/s]
train:  17%|#6        | 118/711 [01:28<06:24,  1.54it/s]
train:  17%|#6        | 119/711 [01:29<06:29,  1.52it/s]
train:  17%|#6        | 120/711 [01:30<06:31,  1.51it/s]
train:  17%|#7        | 121/711 [01:30<06:34,  1.50it/s]
train:  17%|#7        | 122/711 [01:31<06:33,  1.50it/s]
train:  17%|#7        | 123/711 [01:32<06:33,  1.49it/s]
train:  17%|#7        | 124/711 [01:32<06:36,  1.48it/s]
train:  18%|#7        | 125/711 [01:33<06:30,  1.50it/s]
train:  18%|#7        | 126/711 [01:34<06:23,  1.52it/s]
train:  18%|#7        | 127/711 [01:34<06:18,  1.54it/s]
train:  18%|#8        | 128/711 [01:35<06:17,  1.55it/s]
train:  18%|#8        | 129/711 [01:36<06:14,  1.55it/s]
train:  18%|#8        | 130/711 [01:36<06:13,  1.56it/s]
train:  18%|#8        | 131/711 [01:37<06:15,  1.54it/s]
train:  19%|#8        | 132/711 [01:38<06:21,  1.52it/s]
train:  19%|#8        | 133/711 [01:38<06:19,  1.52it/s]
train:  19%|#8        | 134/711 [01:39<06:23,  1.50it/s]
train:  19%|#8        | 135/711 [01:40<06:25,  1.49it/s]
train:  19%|#9        | 136/711 [01:40<06:24,  1.50it/s]
train:  19%|#9        | 137/711 [01:41<06:26,  1.49it/s]
train:  19%|#9        | 138/711 [01:42<06:27,  1.48it/s]
train:  20%|#9        | 139/711 [01:42<06:24,  1.49it/s]
train:  20%|#9        | 140/711 [01:43<06:24,  1.48it/s]
train:  20%|#9        | 141/711 [01:44<06:24,  1.48it/s]
train:  20%|#9        | 142/711 [01:44<06:21,  1.49it/s]
train:  20%|##        | 143/711 [01:45<06:23,  1.48it/s]
train:  20%|##        | 144/711 [01:46<06:20,  1.49it/s]
train:  20%|##        | 145/711 [01:46<06:18,  1.49it/s]
train:  21%|##        | 146/711 [01:47<06:17,  1.50it/s]
train:  21%|##        | 147/711 [01:48<06:15,  1.50it/s]
train:  21%|##        | 148/711 [01:48<06:14,  1.51it/s]
train:  21%|##        | 149/711 [01:49<06:12,  1.51it/s]
train:  21%|##1       | 150/711 [01:50<06:12,  1.51it/s]
train:  21%|##1       | 151/711 [01:50<06:12,  1.50it/s]
train:  21%|##1       | 152/711 [01:51<06:10,  1.51it/s]
train:  22%|##1       | 153/711 [01:52<06:09,  1.51it/s]
train:  22%|##1       | 154/711 [01:52<06:08,  1.51it/s]
train:  22%|##1       | 155/711 [01:53<06:08,  1.51it/s]
train:  22%|##1       | 156/711 [01:54<06:08,  1.51it/s]
train:  22%|##2       | 157/711 [01:54<06:07,  1.51it/s]
train:  22%|##2       | 158/711 [01:55<06:06,  1.51it/s]
train:  22%|##2       | 159/711 [01:56<06:04,  1.51it/s]
train:  23%|##2       | 160/711 [01:56<06:04,  1.51it/s]
train:  23%|##2       | 161/711 [01:57<06:04,  1.51it/s]
train:  23%|##2       | 162/711 [01:58<06:03,  1.51it/s]
train:  23%|##2       | 163/711 [01:58<06:03,  1.51it/s]
train:  23%|##3       | 164/711 [01:59<06:02,  1.51it/s]
train:  23%|##3       | 165/711 [02:00<06:01,  1.51it/s]
train:  23%|##3       | 166/711 [02:00<06:01,  1.51it/s]
train:  23%|##3       | 167/711 [02:01<06:00,  1.51it/s]
train:  24%|##3       | 168/711 [02:02<05:59,  1.51it/s]
train:  24%|##3       | 169/711 [02:02<05:56,  1.52it/s]
train:  24%|##3       | 170/711 [02:03<05:56,  1.52it/s]
train:  24%|##4       | 171/711 [02:04<05:56,  1.51it/s]
train:  24%|##4       | 172/711 [02:04<05:57,  1.51it/s]
train:  24%|##4       | 173/711 [02:05<05:55,  1.51it/s]
train:  24%|##4       | 174/711 [02:06<05:54,  1.51it/s]
train:  25%|##4       | 175/711 [02:06<05:55,  1.51it/s]
train:  25%|##4       | 176/711 [02:07<05:53,  1.51it/s]
train:  25%|##4       | 177/711 [02:08<05:53,  1.51it/s]
train:  25%|##5       | 178/711 [02:08<05:53,  1.51it/s]
train:  25%|##5       | 179/711 [02:09<05:51,  1.51it/s]
train:  25%|##5       | 180/711 [02:10<05:51,  1.51it/s]
train:  25%|##5       | 181/711 [02:10<05:51,  1.51it/s]
train:  26%|##5       | 182/711 [02:11<05:50,  1.51it/s]
train:  26%|##5       | 183/711 [02:12<05:50,  1.51it/s]
train:  26%|##5       | 184/711 [02:12<05:48,  1.51it/s]
train:  26%|##6       | 185/711 [02:13<05:47,  1.51it/s]
train:  26%|##6       | 186/711 [02:13<05:46,  1.51it/s]
train:  26%|##6       | 187/711 [02:14<05:47,  1.51it/s]
train:  26%|##6       | 188/711 [02:15<05:45,  1.51it/s]
train:  27%|##6       | 189/711 [02:15<05:45,  1.51it/s]
train:  27%|##6       | 190/711 [02:16<05:44,  1.51it/s]
train:  27%|##6       | 191/711 [02:17<05:44,  1.51it/s]
train:  27%|##7       | 192/711 [02:17<05:43,  1.51it/s]
train:  27%|##7       | 193/711 [02:18<05:43,  1.51it/s]
train:  27%|##7       | 194/711 [02:19<05:42,  1.51it/s]
train:  27%|##7       | 195/711 [02:19<05:41,  1.51it/s]
train:  28%|##7       | 196/711 [02:20<05:39,  1.52it/s]
train:  28%|##7       | 197/711 [02:21<05:39,  1.51it/s]
train:  28%|##7       | 198/711 [02:21<05:38,  1.51it/s]
train:  28%|##7       | 199/711 [02:22<05:38,  1.51it/s]
train:  28%|##8       | 200/711 [02:23<05:37,  1.51it/s]
train:  28%|##8       | 201/711 [02:23<05:37,  1.51it/s]
train:  28%|##8       | 202/711 [02:24<05:37,  1.51it/s]
train:  29%|##8       | 203/711 [02:25<05:37,  1.51it/s]
train:  29%|##8       | 204/711 [02:25<05:37,  1.50it/s]
train:  29%|##8       | 205/711 [02:26<05:36,  1.50it/s]
train:  29%|##8       | 206/711 [02:27<05:35,  1.51it/s]
train:  29%|##9       | 207/711 [02:27<05:34,  1.51it/s]
train:  29%|##9       | 208/711 [02:28<05:33,  1.51it/s]
train:  29%|##9       | 209/711 [02:29<05:32,  1.51it/s]
